tile_0.wrapped_1.cluster_1.decode.rcet channel 0 received 0
tile_0.wrapped_1.cluster_1.decode.rcet channel 0 received 1
tile_0.wrapped_1.cluster_1.decode.rcet channel 0 received 8
tile_0.wrapped_1.cluster_1.decode.rcet channel 0 received 16
tile_0.wrapped_1.cluster_1.decode.rcet channel 0 received 9
tile_0.wrapped_1.cluster_1.decode.rcet channel 0 received 2
tile_0.wrapped_1.cluster_1.decode.rcet channel 0 received 3
tile_0.wrapped_1.cluster_1.decode.rcet channel 0 received 10
tile_0.wrapped_1.cluster_1.decode.rcet channel 0 received 17
tile_0.wrapped_1.cluster_1.decode.rcet channel 0 received 24
tile_0.wrapped_1.cluster_1.decode.rcet channel 0 received 32
tile_0.wrapped_1.cluster_1.decode.rcet channel 0 received 25
tile_0.wrapped_1.cluster_1.decode.rcet channel 0 received 18
tile_0.wrapped_1.cluster_1.decode.rcet channel 0 received 11
tile_0.wrapped_1.cluster_1.decode.rcet channel 0 received 4
tile_0.wrapped_1.cluster_1.decode.rcet channel 0 received 5
tile_0.wrapped_1.cluster_1.decode.rcet channel 0 received 12
tile_0.wrapped_1.cluster_1.decode.rcet channel 0 received 19
tile_0.wrapped_1.cluster_1.decode.rcet channel 0 received 26
tile_0.wrapped_1.cluster_1.decode.rcet channel 0 received 33
tile_0.wrapped_1.cluster_1.decode.rcet channel 0 received 40
tile_0.wrapped_1.cluster_1.decode.rcet channel 0 received 48
tile_0.wrapped_1.cluster_1.decode.rcet channel 0 received 41
tile_0.wrapped_1.cluster_1.decode.rcet channel 0 received 34
tile_0.wrapped_1.cluster_1.decode.rcet channel 0 received 27
tile_0.wrapped_1.cluster_1.decode.rcet channel 0 received 20
tile_0.wrapped_1.cluster_1.decode.rcet channel 0 received 13
tile_0.wrapped_1.cluster_1.decode.rcet channel 0 received 6
tile_0.wrapped_1.cluster_1.decode.rcet channel 0 received 7
tile_0.wrapped_1.cluster_1.decode.rcet channel 0 received 14
tile_0.wrapped_1.cluster_1.decode.rcet channel 0 received 21
tile_0.wrapped_1.cluster_1.decode.rcet channel 0 received 28
tile_0.wrapped_1.cluster_1.decode.rcet channel 0 received 35
tile_0.wrapped_1.cluster_1.decode.rcet channel 0 received 42
tile_0.wrapped_1.cluster_1.decode.rcet channel 0 received 49
tile_0.wrapped_1.cluster_1.decode.rcet channel 0 received 56
tile_0.wrapped_1.cluster_1.decode.rcet channel 0 received 57
tile_0.wrapped_1.cluster_1.decode.rcet channel 0 received 50
tile_0.wrapped_1.cluster_1.decode.rcet channel 0 received 43
tile_0.wrapped_1.cluster_1.decode.rcet channel 0 received 36
tile_0.wrapped_1.cluster_1.decode.rcet channel 0 received 29
tile_0.wrapped_1.cluster_1.decode.rcet channel 0 received 22
tile_0.wrapped_1.cluster_1.decode.rcet channel 0 received 15
tile_0.wrapped_1.cluster_1.decode.rcet channel 0 received 23
tile_0.wrapped_1.cluster_1.decode.rcet channel 0 received 30
tile_0.wrapped_1.cluster_1.decode.rcet channel 0 received 37
tile_0.wrapped_1.cluster_1.decode.rcet channel 0 received 44
tile_0.wrapped_1.cluster_1.decode.rcet channel 0 received 51
tile_0.wrapped_1.cluster_1.decode.rcet channel 0 received 58
tile_0.wrapped_1.cluster_1.decode.rcet channel 0 received 59
tile_0.wrapped_1.cluster_1.decode.rcet channel 0 received 52
tile_0.wrapped_1.cluster_1.decode.rcet channel 0 received 45
tile_0.wrapped_1.cluster_1.decode.rcet channel 0 received 38
tile_0.wrapped_1.cluster_1.decode.rcet channel 0 received 31
tile_0.wrapped_1.cluster_1.decode.rcet channel 0 received 39
tile_0.wrapped_1.cluster_1.decode.rcet channel 0 received 46
tile_0.wrapped_1.cluster_1.decode.rcet channel 0 received 53
tile_0.wrapped_1.cluster_1.decode.rcet channel 0 received 60
tile_0.wrapped_1.cluster_1.decode.rcet channel 0 received 61
tile_0.wrapped_1.cluster_1.decode.rcet channel 0 received 54
tile_0.wrapped_1.cluster_1.decode.rcet channel 0 received 47
tile_0.wrapped_1.cluster_1.decode.rcet channel 0 received 55
tile_0.wrapped_1.cluster_1.decode.rcet channel 0 received 62
tile_0.wrapped_1.cluster_1.decode.rcet channel 0 received 63
