Wrote 797 to memory 15, address 0
Wrote 0 to memory 15, address 32
Wrote 0 to memory 15, address 64
Wrote -1 to memory 15, address 96
Wrote 0 to memory 15, address 128
Wrote -1 to memory 15, address 160
Wrote 0 to memory 15, address 192
Wrote -1 to memory 15, address 224
Wrote 0 to memory 15, address 4
Wrote 0 to memory 15, address 36
Wrote 0 to memory 15, address 68
Wrote 0 to memory 15, address 100
Wrote 0 to memory 15, address 132
Wrote 0 to memory 15, address 164
Wrote 0 to memory 15, address 196
Wrote 0 to memory 15, address 228
Wrote 0 to memory 15, address 8
Wrote 0 to memory 15, address 40
Wrote 0 to memory 15, address 72
Wrote 0 to memory 15, address 104
Wrote 0 to memory 15, address 136
Wrote 0 to memory 15, address 168
Wrote 0 to memory 15, address 200
Wrote 0 to memory 15, address 232
Wrote -3 to memory 15, address 12
Wrote 0 to memory 15, address 44
Wrote 0 to memory 15, address 76
Wrote 0 to memory 15, address 108
Wrote 0 to memory 15, address 140
Wrote 0 to memory 15, address 172
Wrote 0 to memory 15, address 204
Wrote 0 to memory 15, address 236
Wrote 0 to memory 15, address 16
Wrote 0 to memory 15, address 48
Wrote 0 to memory 15, address 80
Wrote 0 to memory 15, address 112
Wrote 0 to memory 15, address 144
Wrote 0 to memory 15, address 176
Wrote 0 to memory 15, address 208
Wrote 0 to memory 15, address 240
Wrote -3 to memory 15, address 20
Wrote 0 to memory 15, address 52
Wrote 0 to memory 15, address 84
Wrote 0 to memory 15, address 116
Wrote 0 to memory 15, address 148
Wrote 0 to memory 15, address 180
Wrote 0 to memory 15, address 212
Wrote 0 to memory 15, address 244
Wrote 0 to memory 15, address 24
Wrote 0 to memory 15, address 56
Wrote 0 to memory 15, address 88
Wrote 0 to memory 15, address 120
Wrote 0 to memory 15, address 152
Wrote 0 to memory 15, address 184
Wrote 0 to memory 15, address 216
Wrote 0 to memory 15, address 248
Wrote -3 to memory 15, address 28
Wrote 0 to memory 15, address 60
Wrote 0 to memory 15, address 92
Wrote 0 to memory 15, address 124
Wrote 0 to memory 15, address 156
Wrote 0 to memory 15, address 188
Wrote 0 to memory 15, address 220
Wrote 0 to memory 15, address 252
