/local/scratch/db434/workspace/Loki2/test_files/vector_add/.expected