Wrote 999 to memory 15, address 0
Wrote 999 to memory 15, address 4
Wrote 999 to memory 15, address 8
Wrote 999 to memory 15, address 12
Wrote 999 to memory 15, address 16
Wrote 999 to memory 15, address 20
Wrote 999 to memory 15, address 24
Wrote 999 to memory 15, address 28
Wrote 999 to memory 15, address 32
Wrote 999 to memory 15, address 36
Wrote 999 to memory 15, address 40
Wrote 999 to memory 15, address 44
Wrote 999 to memory 15, address 48
Wrote 999 to memory 15, address 52
Wrote 999 to memory 15, address 56
Wrote 999 to memory 15, address 60
Wrote 999 to memory 15, address 64
Wrote 999 to memory 15, address 68
Wrote 999 to memory 15, address 72
Wrote 999 to memory 15, address 76
Wrote 999 to memory 15, address 80
Wrote 999 to memory 15, address 84
Wrote 999 to memory 15, address 88
Wrote 999 to memory 15, address 92
Wrote 999 to memory 15, address 96
Wrote 999 to memory 15, address 100
Wrote 999 to memory 15, address 104
Wrote 999 to memory 15, address 108
Wrote 999 to memory 15, address 112
Wrote 999 to memory 15, address 116
Wrote 999 to memory 15, address 120
Wrote 999 to memory 15, address 124
Wrote 999 to memory 15, address 128
Wrote 999 to memory 15, address 132
Wrote 999 to memory 15, address 136
Wrote 999 to memory 15, address 140
Wrote 999 to memory 15, address 144
Wrote 999 to memory 15, address 148
Wrote 999 to memory 15, address 152
Wrote 999 to memory 15, address 156
Wrote 999 to memory 15, address 160
Wrote 999 to memory 15, address 164
Wrote 999 to memory 15, address 168
Wrote 999 to memory 15, address 172
Wrote 999 to memory 15, address 176
Wrote 999 to memory 15, address 180
Wrote 999 to memory 15, address 184
Wrote 999 to memory 15, address 188
Wrote 999 to memory 15, address 192
Wrote 999 to memory 15, address 196
Wrote 999 to memory 15, address 200
Wrote 999 to memory 15, address 204
Wrote 999 to memory 15, address 208
Wrote 999 to memory 15, address 212
Wrote 999 to memory 15, address 216
Wrote 999 to memory 15, address 220
Wrote 999 to memory 15, address 224
Wrote 999 to memory 15, address 228
Wrote 999 to memory 15, address 232
Wrote 999 to memory 15, address 236
Wrote 999 to memory 15, address 240
Wrote 999 to memory 15, address 244
Wrote 999 to memory 15, address 248
Wrote 999 to memory 15, address 252
Wrote 999 to memory 15, address 256
Wrote 999 to memory 15, address 260
Wrote 999 to memory 15, address 264
Wrote 999 to memory 15, address 268
Wrote 999 to memory 15, address 272
Wrote 999 to memory 15, address 276
Wrote 999 to memory 15, address 280
Wrote 999 to memory 15, address 284
Wrote 999 to memory 15, address 288
Wrote 999 to memory 15, address 292
Wrote 999 to memory 15, address 296
Wrote 999 to memory 15, address 300
Wrote 999 to memory 15, address 304
Wrote 999 to memory 15, address 308
Wrote 999 to memory 15, address 312
Wrote 999 to memory 15, address 316
Wrote 999 to memory 15, address 320
Wrote 999 to memory 15, address 324
Wrote 999 to memory 15, address 328
Wrote 999 to memory 15, address 332
Wrote 999 to memory 15, address 336
Wrote 999 to memory 15, address 340
Wrote 999 to memory 15, address 344
Wrote 999 to memory 15, address 348
Wrote 999 to memory 15, address 352
Wrote 999 to memory 15, address 356
Wrote 999 to memory 15, address 360
Wrote 999 to memory 15, address 364
Wrote 999 to memory 15, address 368
Wrote 999 to memory 15, address 372
Wrote 999 to memory 15, address 376
Wrote 999 to memory 15, address 380
Wrote 999 to memory 15, address 384
Wrote 999 to memory 15, address 388
Wrote 999 to memory 15, address 392
Wrote 999 to memory 15, address 396
Wrote 999 to memory 15, address 400
Wrote 999 to memory 15, address 404
Wrote 999 to memory 15, address 408
Wrote 999 to memory 15, address 412
Wrote 999 to memory 15, address 416
Wrote 999 to memory 15, address 420
Wrote 999 to memory 15, address 424
Wrote 999 to memory 15, address 428
Wrote 999 to memory 15, address 432
Wrote 999 to memory 15, address 436
Wrote 999 to memory 15, address 440
Wrote 999 to memory 15, address 444
Wrote 999 to memory 15, address 448
Wrote 999 to memory 15, address 452
Wrote 999 to memory 15, address 456
Wrote 999 to memory 15, address 460
Wrote 999 to memory 15, address 464
Wrote 999 to memory 15, address 468
Wrote 999 to memory 15, address 472
Wrote 999 to memory 15, address 476
Wrote 999 to memory 15, address 480
Wrote 999 to memory 15, address 484
Wrote 999 to memory 15, address 488
Wrote 999 to memory 15, address 492
Wrote 999 to memory 15, address 496
Wrote 999 to memory 15, address 500
Wrote 999 to memory 15, address 504
Wrote 999 to memory 15, address 508
Wrote 999 to memory 15, address 512
Wrote 999 to memory 15, address 516
Wrote 999 to memory 15, address 520
Wrote 999 to memory 15, address 524
Wrote 999 to memory 15, address 528
Wrote 999 to memory 15, address 532
Wrote 999 to memory 15, address 536
Wrote 999 to memory 15, address 540
Wrote 999 to memory 15, address 544
Wrote 999 to memory 15, address 548
Wrote 999 to memory 15, address 552
Wrote 999 to memory 15, address 556
Wrote 999 to memory 15, address 560
Wrote 999 to memory 15, address 564
Wrote 999 to memory 15, address 568
Wrote 999 to memory 15, address 572
Wrote 999 to memory 15, address 576
Wrote 999 to memory 15, address 580
Wrote 999 to memory 15, address 584
Wrote 999 to memory 15, address 588
Wrote 999 to memory 15, address 592
Wrote 999 to memory 15, address 596
Wrote 999 to memory 15, address 600
Wrote 999 to memory 15, address 604
Wrote 999 to memory 15, address 608
Wrote 999 to memory 15, address 612
Wrote 999 to memory 15, address 616
Wrote 999 to memory 15, address 620
Wrote 999 to memory 15, address 624
Wrote 999 to memory 15, address 628
Wrote 999 to memory 15, address 632
Wrote 999 to memory 15, address 636
Wrote 999 to memory 15, address 640
Wrote 999 to memory 15, address 644
Wrote 999 to memory 15, address 648
Wrote 999 to memory 15, address 652
Wrote 999 to memory 15, address 656
Wrote 999 to memory 15, address 660
Wrote 999 to memory 15, address 664
Wrote 999 to memory 15, address 668
Wrote 999 to memory 15, address 672
Wrote 999 to memory 15, address 676
Wrote 999 to memory 15, address 680
Wrote 999 to memory 15, address 684
Wrote 999 to memory 15, address 688
Wrote 999 to memory 15, address 692
Wrote 999 to memory 15, address 696
Wrote 999 to memory 15, address 700
Wrote 999 to memory 15, address 704
Wrote 999 to memory 15, address 708
Wrote 999 to memory 15, address 712
Wrote 999 to memory 15, address 716
Wrote 999 to memory 15, address 720
Wrote 999 to memory 15, address 724
Wrote 999 to memory 15, address 728
Wrote 999 to memory 15, address 732
Wrote 999 to memory 15, address 736
Wrote 999 to memory 15, address 740
Wrote 999 to memory 15, address 744
Wrote 999 to memory 15, address 748
Wrote 999 to memory 15, address 752
Wrote 999 to memory 15, address 756
Wrote 999 to memory 15, address 760
Wrote 999 to memory 15, address 764
Wrote 999 to memory 15, address 768
Wrote 999 to memory 15, address 772
Wrote 999 to memory 15, address 776
Wrote 999 to memory 15, address 780
Wrote 999 to memory 15, address 784
Wrote 999 to memory 15, address 788
Wrote 999 to memory 15, address 792
Wrote 999 to memory 15, address 796
Wrote 999 to memory 15, address 800
Wrote 999 to memory 15, address 804
Wrote 999 to memory 15, address 808
Wrote 999 to memory 15, address 812
Wrote 999 to memory 15, address 816
Wrote 999 to memory 15, address 820
Wrote 999 to memory 15, address 824
Wrote 999 to memory 15, address 828
Wrote 999 to memory 15, address 832
Wrote 999 to memory 15, address 836
Wrote 999 to memory 15, address 840
Wrote 999 to memory 15, address 844
Wrote 999 to memory 15, address 848
Wrote 999 to memory 15, address 852
Wrote 999 to memory 15, address 856
Wrote 999 to memory 15, address 860
Wrote 999 to memory 15, address 864
Wrote 999 to memory 15, address 868
Wrote 999 to memory 15, address 872
Wrote 999 to memory 15, address 876
Wrote 999 to memory 15, address 880
Wrote 999 to memory 15, address 884
Wrote 999 to memory 15, address 888
Wrote 999 to memory 15, address 892
Wrote 999 to memory 15, address 896
Wrote 999 to memory 15, address 900
Wrote 999 to memory 15, address 904
Wrote 999 to memory 15, address 908
Wrote 999 to memory 15, address 912
Wrote 999 to memory 15, address 916
Wrote 999 to memory 15, address 920
Wrote 999 to memory 15, address 924
Wrote 999 to memory 15, address 928
Wrote 999 to memory 15, address 932
Wrote 999 to memory 15, address 936
Wrote 999 to memory 15, address 940
Wrote 999 to memory 15, address 944
Wrote 999 to memory 15, address 948
Wrote 999 to memory 15, address 952
Wrote 999 to memory 15, address 956
Wrote 999 to memory 15, address 960
Wrote 999 to memory 15, address 964
Wrote 999 to memory 15, address 968
Wrote 999 to memory 15, address 972
Wrote 999 to memory 15, address 976
Wrote 999 to memory 15, address 980
Wrote 999 to memory 15, address 984
Wrote 999 to memory 15, address 988
Wrote 999 to memory 15, address 992
Wrote 999 to memory 15, address 996
Wrote 999 to memory 15, address 1000
Wrote 999 to memory 15, address 1004
Wrote 999 to memory 15, address 1008
Wrote 999 to memory 15, address 1012
Wrote 999 to memory 15, address 1016
Wrote 999 to memory 15, address 1020
Wrote 999 to memory 15, address 1024
Wrote 999 to memory 15, address 1028
Wrote 999 to memory 15, address 1032
Wrote 999 to memory 15, address 1036
Wrote 999 to memory 15, address 1040
Wrote 999 to memory 15, address 1044
Wrote 999 to memory 15, address 1048
Wrote 999 to memory 15, address 1052
Wrote 999 to memory 15, address 1056
Wrote 999 to memory 15, address 1060
Wrote 999 to memory 15, address 1064
Wrote 999 to memory 15, address 1068
Wrote 999 to memory 15, address 1072
Wrote 999 to memory 15, address 1076
Wrote 999 to memory 15, address 1080
Wrote 999 to memory 15, address 1084
Wrote 999 to memory 15, address 1088
Wrote 999 to memory 15, address 1092
Wrote 999 to memory 15, address 1096
Wrote 999 to memory 15, address 1100
Wrote 999 to memory 15, address 1104
Wrote 999 to memory 15, address 1108
Wrote 999 to memory 15, address 1112
Wrote 999 to memory 15, address 1116
Wrote 999 to memory 15, address 1120
Wrote 999 to memory 15, address 1124
Wrote 999 to memory 15, address 1128
Wrote 999 to memory 15, address 1132
Wrote 999 to memory 15, address 1136
Wrote 999 to memory 15, address 1140
Wrote 999 to memory 15, address 1144
Wrote 999 to memory 15, address 1148
Wrote 999 to memory 15, address 1152
Wrote 999 to memory 15, address 1156
Wrote 999 to memory 15, address 1160
Wrote 999 to memory 15, address 1164
Wrote 999 to memory 15, address 1168
Wrote 999 to memory 15, address 1172
Wrote 999 to memory 15, address 1176
Wrote 999 to memory 15, address 1180
Wrote 999 to memory 15, address 1184
Wrote 999 to memory 15, address 1188
Wrote 999 to memory 15, address 1192
Wrote 999 to memory 15, address 1196
Wrote 999 to memory 15, address 1200
Wrote 999 to memory 15, address 1204
Wrote 999 to memory 15, address 1208
Wrote 999 to memory 15, address 1212
Wrote 999 to memory 15, address 1216
Wrote 999 to memory 15, address 1220
Wrote 999 to memory 15, address 1224
Wrote 999 to memory 15, address 1228
Wrote 999 to memory 15, address 1232
Wrote 999 to memory 15, address 1236
Wrote 999 to memory 15, address 1240
Wrote 999 to memory 15, address 1244
Wrote 999 to memory 15, address 1248
Wrote 999 to memory 15, address 1252
Wrote 999 to memory 15, address 1256
Wrote 999 to memory 15, address 1260
Wrote 999 to memory 15, address 1264
Wrote 999 to memory 15, address 1268
Wrote 999 to memory 15, address 1272
Wrote 999 to memory 15, address 1276
Wrote 999 to memory 15, address 1280
Wrote 999 to memory 15, address 1284
Wrote 999 to memory 15, address 1288
Wrote 999 to memory 15, address 1292
Wrote 999 to memory 15, address 1296
Wrote 999 to memory 15, address 1300
Wrote 999 to memory 15, address 1304
Wrote 999 to memory 15, address 1308
Wrote 999 to memory 15, address 1312
Wrote 999 to memory 15, address 1316
Wrote 999 to memory 15, address 1320
Wrote 999 to memory 15, address 1324
Wrote 999 to memory 15, address 1328
Wrote 999 to memory 15, address 1332
Wrote 999 to memory 15, address 1336
Wrote 999 to memory 15, address 1340
Wrote 999 to memory 15, address 1344
Wrote 999 to memory 15, address 1348
Wrote 999 to memory 15, address 1352
Wrote 999 to memory 15, address 1356
Wrote 999 to memory 15, address 1360
Wrote 999 to memory 15, address 1364
Wrote 999 to memory 15, address 1368
Wrote 999 to memory 15, address 1372
Wrote 999 to memory 15, address 1376
Wrote 999 to memory 15, address 1380
Wrote 999 to memory 15, address 1384
Wrote 999 to memory 15, address 1388
Wrote 999 to memory 15, address 1392
Wrote 999 to memory 15, address 1396
Wrote 999 to memory 15, address 1400
Wrote 999 to memory 15, address 1404
Wrote 999 to memory 15, address 1408
Wrote 999 to memory 15, address 1412
Wrote 999 to memory 15, address 1416
Wrote 999 to memory 15, address 1420
Wrote 999 to memory 15, address 1424
Wrote 999 to memory 15, address 1428
Wrote 999 to memory 15, address 1432
Wrote 999 to memory 15, address 1436
Wrote 999 to memory 15, address 1440
Wrote 999 to memory 15, address 1444
Wrote 999 to memory 15, address 1448
Wrote 999 to memory 15, address 1452
Wrote 999 to memory 15, address 1456
Wrote 999 to memory 15, address 1460
Wrote 999 to memory 15, address 1464
Wrote 999 to memory 15, address 1468
Wrote 999 to memory 15, address 1472
Wrote 999 to memory 15, address 1476
Wrote 999 to memory 15, address 1480
Wrote 999 to memory 15, address 1484
Wrote 999 to memory 15, address 1488
Wrote 999 to memory 15, address 1492
Wrote 999 to memory 15, address 1496
Wrote 999 to memory 15, address 1500
Wrote 999 to memory 15, address 1504
Wrote 999 to memory 15, address 1508
Wrote 999 to memory 15, address 1512
Wrote 999 to memory 15, address 1516
Wrote 999 to memory 15, address 1520
Wrote 999 to memory 15, address 1524
Wrote 999 to memory 15, address 1528
Wrote 999 to memory 15, address 1532
Wrote 999 to memory 15, address 1536
Wrote 999 to memory 15, address 1540
Wrote 999 to memory 15, address 1544
Wrote 999 to memory 15, address 1548
Wrote 999 to memory 15, address 1552
Wrote 999 to memory 15, address 1556
Wrote 999 to memory 15, address 1560
Wrote 999 to memory 15, address 1564
Wrote 999 to memory 15, address 1568
Wrote 999 to memory 15, address 1572
Wrote 999 to memory 15, address 1576
Wrote 999 to memory 15, address 1580
Wrote 999 to memory 15, address 1584
Wrote 999 to memory 15, address 1588
Wrote 999 to memory 15, address 1592
Wrote 999 to memory 15, address 1596
Wrote 999 to memory 15, address 1600
Wrote 999 to memory 15, address 1604
Wrote 999 to memory 15, address 1608
Wrote 999 to memory 15, address 1612
Wrote 999 to memory 15, address 1616
Wrote 999 to memory 15, address 1620
Wrote 999 to memory 15, address 1624
Wrote 999 to memory 15, address 1628
Wrote 999 to memory 15, address 1632
Wrote 999 to memory 15, address 1636
Wrote 999 to memory 15, address 1640
Wrote 999 to memory 15, address 1644
Wrote 999 to memory 15, address 1648
Wrote 999 to memory 15, address 1652
Wrote 999 to memory 15, address 1656
Wrote 999 to memory 15, address 1660
Wrote 999 to memory 15, address 1664
Wrote 999 to memory 15, address 1668
Wrote 999 to memory 15, address 1672
Wrote 999 to memory 15, address 1676
Wrote 999 to memory 15, address 1680
Wrote 999 to memory 15, address 1684
Wrote 999 to memory 15, address 1688
Wrote 999 to memory 15, address 1692
Wrote 999 to memory 15, address 1696
Wrote 999 to memory 15, address 1700
Wrote 999 to memory 15, address 1704
Wrote 999 to memory 15, address 1708
Wrote 999 to memory 15, address 1712
Wrote 999 to memory 15, address 1716
Wrote 999 to memory 15, address 1720
Wrote 999 to memory 15, address 1724
Wrote 999 to memory 15, address 1728
Wrote 999 to memory 15, address 1732
Wrote 999 to memory 15, address 1736
Wrote 999 to memory 15, address 1740
Wrote 999 to memory 15, address 1744
Wrote 999 to memory 15, address 1748
Wrote 999 to memory 15, address 1752
Wrote 999 to memory 15, address 1756
Wrote 999 to memory 15, address 1760
Wrote 999 to memory 15, address 1764
Wrote 999 to memory 15, address 1768
Wrote 999 to memory 15, address 1772
Wrote 999 to memory 15, address 1776
Wrote 999 to memory 15, address 1780
Wrote 999 to memory 15, address 1784
Wrote 999 to memory 15, address 1788
Wrote 999 to memory 15, address 1792
Wrote 999 to memory 15, address 1796
Wrote 999 to memory 15, address 1800
Wrote 999 to memory 15, address 1804
Wrote 999 to memory 15, address 1808
Wrote 999 to memory 15, address 1812
Wrote 999 to memory 15, address 1816
Wrote 999 to memory 15, address 1820
Wrote 999 to memory 15, address 1824
Wrote 999 to memory 15, address 1828
Wrote 999 to memory 15, address 1832
Wrote 999 to memory 15, address 1836
Wrote 999 to memory 15, address 1840
Wrote 999 to memory 15, address 1844
Wrote 999 to memory 15, address 1848
Wrote 999 to memory 15, address 1852
Wrote 999 to memory 15, address 1856
Wrote 999 to memory 15, address 1860
Wrote 999 to memory 15, address 1864
Wrote 999 to memory 15, address 1868
Wrote 999 to memory 15, address 1872
Wrote 999 to memory 15, address 1876
Wrote 999 to memory 15, address 1880
Wrote 999 to memory 15, address 1884
Wrote 999 to memory 15, address 1888
Wrote 999 to memory 15, address 1892
Wrote 999 to memory 15, address 1896
Wrote 999 to memory 15, address 1900
Wrote 999 to memory 15, address 1904
Wrote 999 to memory 15, address 1908
Wrote 999 to memory 15, address 1912
Wrote 999 to memory 15, address 1916
Wrote 999 to memory 15, address 1920
Wrote 999 to memory 15, address 1924
Wrote 999 to memory 15, address 1928
Wrote 999 to memory 15, address 1932
Wrote 999 to memory 15, address 1936
Wrote 999 to memory 15, address 1940
Wrote 999 to memory 15, address 1944
Wrote 999 to memory 15, address 1948
Wrote 999 to memory 15, address 1952
Wrote 999 to memory 15, address 1956
Wrote 999 to memory 15, address 1960
Wrote 999 to memory 15, address 1964
Wrote 999 to memory 15, address 1968
Wrote 999 to memory 15, address 1972
Wrote 999 to memory 15, address 1976
Wrote 999 to memory 15, address 1980
Wrote 999 to memory 15, address 1984
Wrote 999 to memory 15, address 1988
Wrote 999 to memory 15, address 1992
Wrote 999 to memory 15, address 1996
Wrote 999 to memory 15, address 2000
Wrote 999 to memory 15, address 2004
Wrote 999 to memory 15, address 2008
Wrote 999 to memory 15, address 2012
Wrote 999 to memory 15, address 2016
Wrote 999 to memory 15, address 2020
Wrote 999 to memory 15, address 2024
Wrote 999 to memory 15, address 2028
Wrote 999 to memory 15, address 2032
Wrote 999 to memory 15, address 2036
Wrote 999 to memory 15, address 2040
Wrote 999 to memory 15, address 2044
Wrote 999 to memory 15, address 2048
Wrote 999 to memory 15, address 2052
Wrote 999 to memory 15, address 2056
Wrote 999 to memory 15, address 2060
Wrote 999 to memory 15, address 2064
Wrote 999 to memory 15, address 2068
Wrote 999 to memory 15, address 2072
Wrote 999 to memory 15, address 2076
Wrote 999 to memory 15, address 2080
Wrote 999 to memory 15, address 2084
Wrote 999 to memory 15, address 2088
Wrote 999 to memory 15, address 2092
Wrote 999 to memory 15, address 2096
Wrote 999 to memory 15, address 2100
Wrote 999 to memory 15, address 2104
Wrote 999 to memory 15, address 2108
Wrote 999 to memory 15, address 2112
Wrote 999 to memory 15, address 2116
Wrote 999 to memory 15, address 2120
Wrote 999 to memory 15, address 2124
Wrote 999 to memory 15, address 2128
Wrote 999 to memory 15, address 2132
Wrote 999 to memory 15, address 2136
Wrote 999 to memory 15, address 2140
Wrote 999 to memory 15, address 2144
Wrote 999 to memory 15, address 2148
Wrote 999 to memory 15, address 2152
Wrote 999 to memory 15, address 2156
Wrote 999 to memory 15, address 2160
Wrote 999 to memory 15, address 2164
Wrote 999 to memory 15, address 2168
Wrote 999 to memory 15, address 2172
Wrote 999 to memory 15, address 2176
Wrote 999 to memory 15, address 2180
Wrote 999 to memory 15, address 2184
Wrote 999 to memory 15, address 2188
Wrote 999 to memory 15, address 2192
Wrote 999 to memory 15, address 2196
Wrote 999 to memory 15, address 2200
Wrote 999 to memory 15, address 2204
Wrote 999 to memory 15, address 2208
Wrote 999 to memory 15, address 2212
Wrote 999 to memory 15, address 2216
Wrote 999 to memory 15, address 2220
Wrote 999 to memory 15, address 2224
Wrote 999 to memory 15, address 2228
Wrote 999 to memory 15, address 2232
Wrote 999 to memory 15, address 2236
Wrote 999 to memory 15, address 2240
Wrote 999 to memory 15, address 2244
Wrote 999 to memory 15, address 2248
Wrote 999 to memory 15, address 2252
Wrote 999 to memory 15, address 2256
Wrote 999 to memory 15, address 2260
Wrote 999 to memory 15, address 2264
Wrote 999 to memory 15, address 2268
Wrote 999 to memory 15, address 2272
Wrote 999 to memory 15, address 2276
Wrote 999 to memory 15, address 2280
Wrote 999 to memory 15, address 2284
Wrote 999 to memory 15, address 2288
Wrote 999 to memory 15, address 2292
Wrote 999 to memory 15, address 2296
Wrote 999 to memory 15, address 2300
Wrote 999 to memory 15, address 2304
Wrote 999 to memory 15, address 2308
Wrote 999 to memory 15, address 2312
Wrote 999 to memory 15, address 2316
Wrote 999 to memory 15, address 2320
Wrote 999 to memory 15, address 2324
Wrote 999 to memory 15, address 2328
Wrote 999 to memory 15, address 2332
Wrote 999 to memory 15, address 2336
Wrote 999 to memory 15, address 2340
Wrote 999 to memory 15, address 2344
Wrote 999 to memory 15, address 2348
Wrote 999 to memory 15, address 2352
Wrote 999 to memory 15, address 2356
Wrote 999 to memory 15, address 2360
Wrote 999 to memory 15, address 2364
Wrote 999 to memory 15, address 2368
Wrote 999 to memory 15, address 2372
Wrote 999 to memory 15, address 2376
Wrote 999 to memory 15, address 2380
Wrote 999 to memory 15, address 2384
Wrote 999 to memory 15, address 2388
Wrote 999 to memory 15, address 2392
Wrote 999 to memory 15, address 2396
Wrote 999 to memory 15, address 2400
Wrote 999 to memory 15, address 2404
Wrote 999 to memory 15, address 2408
Wrote 999 to memory 15, address 2412
Wrote 999 to memory 15, address 2416
Wrote 999 to memory 15, address 2420
Wrote 999 to memory 15, address 2424
Wrote 999 to memory 15, address 2428
Wrote 999 to memory 15, address 2432
Wrote 999 to memory 15, address 2436
Wrote 999 to memory 15, address 2440
Wrote 999 to memory 15, address 2444
Wrote 999 to memory 15, address 2448
Wrote 999 to memory 15, address 2452
Wrote 999 to memory 15, address 2456
Wrote 999 to memory 15, address 2460
Wrote 999 to memory 15, address 2464
Wrote 999 to memory 15, address 2468
Wrote 999 to memory 15, address 2472
Wrote 999 to memory 15, address 2476
Wrote 999 to memory 15, address 2480
Wrote 999 to memory 15, address 2484
Wrote 999 to memory 15, address 2488
Wrote 999 to memory 15, address 2492
Wrote 999 to memory 15, address 2496
Wrote 999 to memory 15, address 2500
Wrote 999 to memory 15, address 2504
Wrote 999 to memory 15, address 2508
Wrote 999 to memory 15, address 2512
Wrote 999 to memory 15, address 2516
Wrote 999 to memory 15, address 2520
Wrote 999 to memory 15, address 2524
Wrote 999 to memory 15, address 2528
Wrote 999 to memory 15, address 2532
Wrote 999 to memory 15, address 2536
Wrote 999 to memory 15, address 2540
Wrote 999 to memory 15, address 2544
Wrote 999 to memory 15, address 2548
Wrote 999 to memory 15, address 2552
Wrote 999 to memory 15, address 2556
Wrote 999 to memory 15, address 2560
Wrote 999 to memory 15, address 2564
Wrote 999 to memory 15, address 2568
Wrote 999 to memory 15, address 2572
Wrote 999 to memory 15, address 2576
Wrote 999 to memory 15, address 2580
Wrote 999 to memory 15, address 2584
Wrote 999 to memory 15, address 2588
Wrote 999 to memory 15, address 2592
Wrote 999 to memory 15, address 2596
Wrote 999 to memory 15, address 2600
Wrote 999 to memory 15, address 2604
Wrote 999 to memory 15, address 2608
Wrote 999 to memory 15, address 2612
Wrote 999 to memory 15, address 2616
Wrote 999 to memory 15, address 2620
Wrote 999 to memory 15, address 2624
Wrote 999 to memory 15, address 2628
Wrote 999 to memory 15, address 2632
Wrote 999 to memory 15, address 2636
Wrote 999 to memory 15, address 2640
Wrote 999 to memory 15, address 2644
Wrote 999 to memory 15, address 2648
Wrote 999 to memory 15, address 2652
Wrote 999 to memory 15, address 2656
Wrote 999 to memory 15, address 2660
Wrote 999 to memory 15, address 2664
Wrote 999 to memory 15, address 2668
Wrote 999 to memory 15, address 2672
Wrote 999 to memory 15, address 2676
Wrote 999 to memory 15, address 2680
Wrote 999 to memory 15, address 2684
Wrote 999 to memory 15, address 2688
Wrote 999 to memory 15, address 2692
Wrote 999 to memory 15, address 2696
Wrote 999 to memory 15, address 2700
Wrote 999 to memory 15, address 2704
Wrote 999 to memory 15, address 2708
Wrote 999 to memory 15, address 2712
Wrote 999 to memory 15, address 2716
Wrote 999 to memory 15, address 2720
Wrote 999 to memory 15, address 2724
Wrote 999 to memory 15, address 2728
Wrote 999 to memory 15, address 2732
Wrote 999 to memory 15, address 2736
Wrote 999 to memory 15, address 2740
Wrote 999 to memory 15, address 2744
Wrote 999 to memory 15, address 2748
Wrote 999 to memory 15, address 2752
Wrote 999 to memory 15, address 2756
Wrote 999 to memory 15, address 2760
Wrote 999 to memory 15, address 2764
Wrote 999 to memory 15, address 2768
Wrote 999 to memory 15, address 2772
Wrote 999 to memory 15, address 2776
Wrote 999 to memory 15, address 2780
Wrote 999 to memory 15, address 2784
Wrote 999 to memory 15, address 2788
Wrote 999 to memory 15, address 2792
Wrote 999 to memory 15, address 2796
Wrote 999 to memory 15, address 2800
Wrote 999 to memory 15, address 2804
Wrote 999 to memory 15, address 2808
Wrote 999 to memory 15, address 2812
Wrote 999 to memory 15, address 2816
Wrote 999 to memory 15, address 2820
Wrote 999 to memory 15, address 2824
Wrote 999 to memory 15, address 2828
Wrote 999 to memory 15, address 2832
Wrote 999 to memory 15, address 2836
Wrote 999 to memory 15, address 2840
Wrote 999 to memory 15, address 2844
Wrote 999 to memory 15, address 2848
Wrote 999 to memory 15, address 2852
Wrote 999 to memory 15, address 2856
Wrote 999 to memory 15, address 2860
Wrote 999 to memory 15, address 2864
Wrote 999 to memory 15, address 2868
Wrote 999 to memory 15, address 2872
Wrote 999 to memory 15, address 2876
Wrote 999 to memory 15, address 2880
Wrote 999 to memory 15, address 2884
Wrote 999 to memory 15, address 2888
Wrote 999 to memory 15, address 2892
Wrote 999 to memory 15, address 2896
Wrote 999 to memory 15, address 2900
Wrote 999 to memory 15, address 2904
Wrote 999 to memory 15, address 2908
Wrote 999 to memory 15, address 2912
Wrote 999 to memory 15, address 2916
Wrote 999 to memory 15, address 2920
Wrote 999 to memory 15, address 2924
Wrote 999 to memory 15, address 2928
Wrote 999 to memory 15, address 2932
Wrote 999 to memory 15, address 2936
Wrote 999 to memory 15, address 2940
Wrote 999 to memory 15, address 2944
Wrote 999 to memory 15, address 2948
Wrote 999 to memory 15, address 2952
Wrote 999 to memory 15, address 2956
Wrote 999 to memory 15, address 2960
Wrote 999 to memory 15, address 2964
Wrote 999 to memory 15, address 2968
Wrote 999 to memory 15, address 2972
Wrote 999 to memory 15, address 2976
Wrote 999 to memory 15, address 2980
Wrote 999 to memory 15, address 2984
Wrote 999 to memory 15, address 2988
Wrote 999 to memory 15, address 2992
Wrote 999 to memory 15, address 2996
Wrote 999 to memory 15, address 3000
Wrote 999 to memory 15, address 3004
Wrote 999 to memory 15, address 3008
Wrote 999 to memory 15, address 3012
Wrote 999 to memory 15, address 3016
Wrote 999 to memory 15, address 3020
Wrote 999 to memory 15, address 3024
Wrote 999 to memory 15, address 3028
Wrote 999 to memory 15, address 3032
Wrote 999 to memory 15, address 3036
Wrote 999 to memory 15, address 3040
Wrote 999 to memory 15, address 3044
Wrote 999 to memory 15, address 3048
Wrote 999 to memory 15, address 3052
Wrote 999 to memory 15, address 3056
Wrote 999 to memory 15, address 3060
Wrote 999 to memory 15, address 3064
Wrote 999 to memory 15, address 3068
Wrote 999 to memory 15, address 3072
Wrote 999 to memory 15, address 3076
Wrote 999 to memory 15, address 3080
Wrote 999 to memory 15, address 3084
Wrote 999 to memory 15, address 3088
Wrote 999 to memory 15, address 3092
Wrote 999 to memory 15, address 3096
Wrote 999 to memory 15, address 3100
Wrote 999 to memory 15, address 3104
Wrote 999 to memory 15, address 3108
Wrote 999 to memory 15, address 3112
Wrote 999 to memory 15, address 3116
Wrote 999 to memory 15, address 3120
Wrote 999 to memory 15, address 3124
Wrote 999 to memory 15, address 3128
Wrote 999 to memory 15, address 3132
Wrote 999 to memory 15, address 3136
Wrote 999 to memory 15, address 3140
Wrote 999 to memory 15, address 3144
Wrote 999 to memory 15, address 3148
Wrote 999 to memory 15, address 3152
Wrote 999 to memory 15, address 3156
Wrote 999 to memory 15, address 3160
Wrote 999 to memory 15, address 3164
Wrote 999 to memory 15, address 3168
Wrote 999 to memory 15, address 3172
Wrote 999 to memory 15, address 3176
Wrote 999 to memory 15, address 3180
Wrote 999 to memory 15, address 3184
Wrote 999 to memory 15, address 3188
Wrote 999 to memory 15, address 3192
Wrote 999 to memory 15, address 3196
Wrote 999 to memory 15, address 3200
Wrote 999 to memory 15, address 3204
Wrote 999 to memory 15, address 3208
Wrote 999 to memory 15, address 3212
Wrote 999 to memory 15, address 3216
Wrote 999 to memory 15, address 3220
Wrote 999 to memory 15, address 3224
Wrote 999 to memory 15, address 3228
Wrote 999 to memory 15, address 3232
Wrote 999 to memory 15, address 3236
Wrote 999 to memory 15, address 3240
Wrote 999 to memory 15, address 3244
Wrote 999 to memory 15, address 3248
Wrote 999 to memory 15, address 3252
Wrote 999 to memory 15, address 3256
Wrote 999 to memory 15, address 3260
Wrote 999 to memory 15, address 3264
Wrote 999 to memory 15, address 3268
Wrote 999 to memory 15, address 3272
Wrote 999 to memory 15, address 3276
Wrote 999 to memory 15, address 3280
Wrote 999 to memory 15, address 3284
Wrote 999 to memory 15, address 3288
Wrote 999 to memory 15, address 3292
Wrote 999 to memory 15, address 3296
Wrote 999 to memory 15, address 3300
Wrote 999 to memory 15, address 3304
Wrote 999 to memory 15, address 3308
Wrote 999 to memory 15, address 3312
Wrote 999 to memory 15, address 3316
Wrote 999 to memory 15, address 3320
Wrote 999 to memory 15, address 3324
Wrote 999 to memory 15, address 3328
Wrote 999 to memory 15, address 3332
Wrote 999 to memory 15, address 3336
Wrote 999 to memory 15, address 3340
Wrote 999 to memory 15, address 3344
Wrote 999 to memory 15, address 3348
Wrote 999 to memory 15, address 3352
Wrote 999 to memory 15, address 3356
Wrote 999 to memory 15, address 3360
Wrote 999 to memory 15, address 3364
Wrote 999 to memory 15, address 3368
Wrote 999 to memory 15, address 3372
Wrote 999 to memory 15, address 3376
Wrote 999 to memory 15, address 3380
Wrote 999 to memory 15, address 3384
Wrote 999 to memory 15, address 3388
Wrote 999 to memory 15, address 3392
Wrote 999 to memory 15, address 3396
Wrote 999 to memory 15, address 3400
Wrote 999 to memory 15, address 3404
Wrote 999 to memory 15, address 3408
Wrote 999 to memory 15, address 3412
Wrote 999 to memory 15, address 3416
Wrote 999 to memory 15, address 3420
Wrote 999 to memory 15, address 3424
Wrote 999 to memory 15, address 3428
Wrote 999 to memory 15, address 3432
Wrote 999 to memory 15, address 3436
Wrote 999 to memory 15, address 3440
Wrote 999 to memory 15, address 3444
Wrote 999 to memory 15, address 3448
Wrote 999 to memory 15, address 3452
Wrote 999 to memory 15, address 3456
Wrote 999 to memory 15, address 3460
Wrote 999 to memory 15, address 3464
Wrote 999 to memory 15, address 3468
Wrote 999 to memory 15, address 3472
Wrote 999 to memory 15, address 3476
Wrote 999 to memory 15, address 3480
Wrote 999 to memory 15, address 3484
Wrote 999 to memory 15, address 3488
Wrote 999 to memory 15, address 3492
Wrote 999 to memory 15, address 3496
Wrote 999 to memory 15, address 3500
Wrote 999 to memory 15, address 3504
Wrote 999 to memory 15, address 3508
Wrote 999 to memory 15, address 3512
Wrote 999 to memory 15, address 3516
Wrote 999 to memory 15, address 3520
Wrote 999 to memory 15, address 3524
Wrote 999 to memory 15, address 3528
Wrote 999 to memory 15, address 3532
Wrote 999 to memory 15, address 3536
Wrote 999 to memory 15, address 3540
Wrote 999 to memory 15, address 3544
Wrote 999 to memory 15, address 3548
Wrote 999 to memory 15, address 3552
Wrote 999 to memory 15, address 3556
Wrote 999 to memory 15, address 3560
Wrote 999 to memory 15, address 3564
Wrote 999 to memory 15, address 3568
Wrote 999 to memory 15, address 3572
Wrote 999 to memory 15, address 3576
Wrote 999 to memory 15, address 3580
Wrote 999 to memory 15, address 3584
Wrote 999 to memory 15, address 3588
Wrote 999 to memory 15, address 3592
Wrote 999 to memory 15, address 3596
Wrote 999 to memory 15, address 3600
Wrote 999 to memory 15, address 3604
Wrote 999 to memory 15, address 3608
Wrote 999 to memory 15, address 3612
Wrote 999 to memory 15, address 3616
Wrote 999 to memory 15, address 3620
Wrote 999 to memory 15, address 3624
Wrote 999 to memory 15, address 3628
Wrote 999 to memory 15, address 3632
Wrote 999 to memory 15, address 3636
Wrote 999 to memory 15, address 3640
Wrote 999 to memory 15, address 3644
Wrote 999 to memory 15, address 3648
Wrote 999 to memory 15, address 3652
Wrote 999 to memory 15, address 3656
Wrote 999 to memory 15, address 3660
Wrote 999 to memory 15, address 3664
Wrote 999 to memory 15, address 3668
Wrote 999 to memory 15, address 3672
Wrote 999 to memory 15, address 3676
Wrote 999 to memory 15, address 3680
Wrote 999 to memory 15, address 3684
Wrote 999 to memory 15, address 3688
Wrote 999 to memory 15, address 3692
Wrote 999 to memory 15, address 3696
Wrote 999 to memory 15, address 3700
Wrote 999 to memory 15, address 3704
Wrote 999 to memory 15, address 3708
Wrote 999 to memory 15, address 3712
Wrote 999 to memory 15, address 3716
Wrote 999 to memory 15, address 3720
Wrote 999 to memory 15, address 3724
Wrote 999 to memory 15, address 3728
Wrote 999 to memory 15, address 3732
Wrote 999 to memory 15, address 3736
Wrote 999 to memory 15, address 3740
Wrote 999 to memory 15, address 3744
Wrote 999 to memory 15, address 3748
Wrote 999 to memory 15, address 3752
Wrote 999 to memory 15, address 3756
Wrote 999 to memory 15, address 3760
Wrote 999 to memory 15, address 3764
Wrote 999 to memory 15, address 3768
Wrote 999 to memory 15, address 3772
Wrote 999 to memory 15, address 3776
Wrote 999 to memory 15, address 3780
Wrote 999 to memory 15, address 3784
Wrote 999 to memory 15, address 3788
Wrote 999 to memory 15, address 3792
Wrote 999 to memory 15, address 3796
Wrote 999 to memory 15, address 3800
Wrote 999 to memory 15, address 3804
Wrote 999 to memory 15, address 3808
Wrote 999 to memory 15, address 3812
Wrote 999 to memory 15, address 3816
Wrote 999 to memory 15, address 3820
Wrote 999 to memory 15, address 3824
Wrote 999 to memory 15, address 3828
Wrote 999 to memory 15, address 3832
Wrote 999 to memory 15, address 3836
Wrote 999 to memory 15, address 3840
Wrote 999 to memory 15, address 3844
Wrote 999 to memory 15, address 3848
Wrote 999 to memory 15, address 3852
Wrote 999 to memory 15, address 3856
Wrote 999 to memory 15, address 3860
Wrote 999 to memory 15, address 3864
Wrote 999 to memory 15, address 3868
Wrote 999 to memory 15, address 3872
Wrote 999 to memory 15, address 3876
Wrote 999 to memory 15, address 3880
Wrote 999 to memory 15, address 3884
Wrote 999 to memory 15, address 3888
Wrote 999 to memory 15, address 3892
Wrote 999 to memory 15, address 3896
Wrote 999 to memory 15, address 3900
Wrote 999 to memory 15, address 3904
Wrote 999 to memory 15, address 3908
Wrote 999 to memory 15, address 3912
Wrote 999 to memory 15, address 3916
Wrote 999 to memory 15, address 3920
Wrote 999 to memory 15, address 3924
Wrote 999 to memory 15, address 3928
Wrote 999 to memory 15, address 3932
Wrote 999 to memory 15, address 3936
Wrote 999 to memory 15, address 3940
Wrote 999 to memory 15, address 3944
Wrote 999 to memory 15, address 3948
Wrote 999 to memory 15, address 3952
Wrote 999 to memory 15, address 3956
Wrote 999 to memory 15, address 3960
Wrote 999 to memory 15, address 3964
Wrote 999 to memory 15, address 3968
Wrote 999 to memory 15, address 3972
Wrote 999 to memory 15, address 3976
Wrote 999 to memory 15, address 3980
Wrote 999 to memory 15, address 3984
Wrote 999 to memory 15, address 3988
Wrote 999 to memory 15, address 3992
Wrote 999 to memory 15, address 3996
